2026-07-19 13:34:21,245 | INFO     | HEAD http://localhost:9200/ [status:N/A duration:0.002s]
2026-07-19 13:34:21,245 | WARNING  | Node <Urllib3HttpNode(http://localhost:9200)> has failed for 1 times in a row, putting on 1 second timeout
2026-07-19 13:34:21,245 | WARNING  | Retrying request after failure (attempt 0 of 3)
Traceback (most recent call last):
  File "/Library/Frameworks/Python.framework/Versions/3.14/lib/python3.14/site-packages/urllib3/connection.py", line 204, in _new_conn
    sock = connection.create_connection(
        (self._dns_host, self.port),
    ...<2 lines>...
        socket_options=self.socket_options,
    )
  File "/Library/Frameworks/Python.framework/Versions/3.14/lib/python3.14/site-packages/urllib3/util/connection.py", line 85, in create_connection
    raise err
  File "/Library/Frameworks/Python.framework/Versions/3.14/lib/python3.14/site-packages/urllib3/util/connection.py", line 73, in create_connection
    sock.connect(sa)
    ~~~~~~~~~~~~^^^^
ConnectionRefusedError: [Errno 61] Connection refused

The above exception was the direct cause of the following exception:

Traceback (most recent call last):
  File "/Library/Frameworks/Python.framework/Versions/3.14/lib/python3.14/site-packages/elastic_transport/_node/_http_urllib3.py", line 167, in perform_request
    response = self.pool.urlopen(
        method,
    ...<4 lines>...
        **kw,  # type: ignore[arg-type]
    )
  File "/Library/Frameworks/Python.framework/Versions/3.14/lib/python3.14/site-packages/urllib3/connectionpool.py", line 841, in urlopen
    retries = retries.increment(
        method, url, error=new_e, _pool=self, _stacktrace=sys.exc_info()[2]
    )
  File "/Library/Frameworks/Python.framework/Versions/3.14/lib/python3.14/site-packages/urllib3/util/retry.py", line 465, in increment
    raise reraise(type(error), error, _stacktrace)
          ~~~~~~~^^^^^^^^^^^^^^^^^^^^^^^^^^^^^^^^^
  File "/Library/Frameworks/Python.framework/Versions/3.14/lib/python3.14/site-packages/urllib3/util/util.py", line 39, in reraise
    raise value
  File "/Library/Frameworks/Python.framework/Versions/3.14/lib/python3.14/site-packages/urllib3/connectionpool.py", line 787, in urlopen
    response = self._make_request(
        conn,
    ...<10 lines>...
        **response_kw,
    )
  File "/Library/Frameworks/Python.framework/Versions/3.14/lib/python3.14/site-packages/urllib3/connectionpool.py", line 493, in _make_request
    conn.request(
    ~~~~~~~~~~~~^
        method,
        ^^^^^^^
    ...<6 lines>...
        enforce_content_length=enforce_content_length,
        ^^^^^^^^^^^^^^^^^^^^^^^^^^^^^^^^^^^^^^^^^^^^^^
    )
    ^
  File "/Library/Frameworks/Python.framework/Versions/3.14/lib/python3.14/site-packages/urllib3/connection.py", line 500, in request
    self.endheaders()
    ~~~~~~~~~~~~~~~^^
  File "/Library/Frameworks/Python.framework/Versions/3.14/lib/python3.14/http/client.py", line 1333, in endheaders
    self._send_output(message_body, encode_chunked=encode_chunked)
    ~~~~~~~~~~~~~~~~~^^^^^^^^^^^^^^^^^^^^^^^^^^^^^^^^^^^^^^^^^^^^^
  File "/Library/Frameworks/Python.framework/Versions/3.14/lib/python3.14/http/client.py", line 1093, in _send_output
    self.send(msg)
    ~~~~~~~~~^^^^^
  File "/Library/Frameworks/Python.framework/Versions/3.14/lib/python3.14/http/client.py", line 1037, in send
    self.connect()
    ~~~~~~~~~~~~^^
  File "/Library/Frameworks/Python.framework/Versions/3.14/lib/python3.14/site-packages/urllib3/connection.py", line 331, in connect
    self.sock = self._new_conn()
                ~~~~~~~~~~~~~~^^
  File "/Library/Frameworks/Python.framework/Versions/3.14/lib/python3.14/site-packages/urllib3/connection.py", line 219, in _new_conn
    raise NewConnectionError(
        self, f"Failed to establish a new connection: {e}"
    ) from e
urllib3.exceptions.NewConnectionError: HTTPConnection(host='localhost', port=9200): Failed to establish a new connection: [Errno 61] Connection refused

The above exception was the direct cause of the following exception:

Traceback (most recent call last):
  File "/Library/Frameworks/Python.framework/Versions/3.14/lib/python3.14/site-packages/elastic_transport/_transport.py", line 375, in perform_request
    resp = node.perform_request(
        method,
    ...<3 lines>...
        request_timeout=request_timeout,
    )
  File "/Library/Frameworks/Python.framework/Versions/3.14/lib/python3.14/site-packages/elastic_transport/_node/_http_urllib3.py", line 202, in perform_request
    raise err from e
elastic_transport.ConnectionError: Connection error caused by: NewConnectionError(HTTPConnection(host='localhost', port=9200): Failed to establish a new connection: [Errno 61] Connection refused)
2026-07-19 13:34:21,250 | INFO     | HEAD http://localhost:9200/ [status:N/A duration:0.001s]
2026-07-19 13:34:21,250 | WARNING  | Node <Urllib3HttpNode(http://localhost:9200)> has failed for 2 times in a row, putting on 2 second timeout
2026-07-19 13:34:21,250 | WARNING  | Retrying request after failure (attempt 1 of 3)
Traceback (most recent call last):
  File "/Library/Frameworks/Python.framework/Versions/3.14/lib/python3.14/site-packages/urllib3/connection.py", line 204, in _new_conn
    sock = connection.create_connection(
        (self._dns_host, self.port),
    ...<2 lines>...
        socket_options=self.socket_options,
    )
  File "/Library/Frameworks/Python.framework/Versions/3.14/lib/python3.14/site-packages/urllib3/util/connection.py", line 85, in create_connection
    raise err
  File "/Library/Frameworks/Python.framework/Versions/3.14/lib/python3.14/site-packages/urllib3/util/connection.py", line 73, in create_connection
    sock.connect(sa)
    ~~~~~~~~~~~~^^^^
ConnectionRefusedError: [Errno 61] Connection refused

The above exception was the direct cause of the following exception:

Traceback (most recent call last):
  File "/Library/Frameworks/Python.framework/Versions/3.14/lib/python3.14/site-packages/elastic_transport/_node/_http_urllib3.py", line 167, in perform_request
    response = self.pool.urlopen(
        method,
    ...<4 lines>...
        **kw,  # type: ignore[arg-type]
    )
  File "/Library/Frameworks/Python.framework/Versions/3.14/lib/python3.14/site-packages/urllib3/connectionpool.py", line 841, in urlopen
    retries = retries.increment(
        method, url, error=new_e, _pool=self, _stacktrace=sys.exc_info()[2]
    )
  File "/Library/Frameworks/Python.framework/Versions/3.14/lib/python3.14/site-packages/urllib3/util/retry.py", line 465, in increment
    raise reraise(type(error), error, _stacktrace)
          ~~~~~~~^^^^^^^^^^^^^^^^^^^^^^^^^^^^^^^^^
  File "/Library/Frameworks/Python.framework/Versions/3.14/lib/python3.14/site-packages/urllib3/util/util.py", line 39, in reraise
    raise value
  File "/Library/Frameworks/Python.framework/Versions/3.14/lib/python3.14/site-packages/urllib3/connectionpool.py", line 787, in urlopen
    response = self._make_request(
        conn,
    ...<10 lines>...
        **response_kw,
    )
  File "/Library/Frameworks/Python.framework/Versions/3.14/lib/python3.14/site-packages/urllib3/connectionpool.py", line 493, in _make_request
    conn.request(
    ~~~~~~~~~~~~^
        method,
        ^^^^^^^
    ...<6 lines>...
        enforce_content_length=enforce_content_length,
        ^^^^^^^^^^^^^^^^^^^^^^^^^^^^^^^^^^^^^^^^^^^^^^
    )
    ^
  File "/Library/Frameworks/Python.framework/Versions/3.14/lib/python3.14/site-packages/urllib3/connection.py", line 500, in request
    self.endheaders()
    ~~~~~~~~~~~~~~~^^
  File "/Library/Frameworks/Python.framework/Versions/3.14/lib/python3.14/http/client.py", line 1333, in endheaders
    self._send_output(message_body, encode_chunked=encode_chunked)
    ~~~~~~~~~~~~~~~~~^^^^^^^^^^^^^^^^^^^^^^^^^^^^^^^^^^^^^^^^^^^^^
  File "/Library/Frameworks/Python.framework/Versions/3.14/lib/python3.14/http/client.py", line 1093, in _send_output
    self.send(msg)
    ~~~~~~~~~^^^^^
  File "/Library/Frameworks/Python.framework/Versions/3.14/lib/python3.14/http/client.py", line 1037, in send
    self.connect()
    ~~~~~~~~~~~~^^
  File "/Library/Frameworks/Python.framework/Versions/3.14/lib/python3.14/site-packages/urllib3/connection.py", line 331, in connect
    self.sock = self._new_conn()
                ~~~~~~~~~~~~~~^^
  File "/Library/Frameworks/Python.framework/Versions/3.14/lib/python3.14/site-packages/urllib3/connection.py", line 219, in _new_conn
    raise NewConnectionError(
        self, f"Failed to establish a new connection: {e}"
    ) from e
urllib3.exceptions.NewConnectionError: HTTPConnection(host='localhost', port=9200): Failed to establish a new connection: [Errno 61] Connection refused

The above exception was the direct cause of the following exception:

Traceback (most recent call last):
  File "/Library/Frameworks/Python.framework/Versions/3.14/lib/python3.14/site-packages/elastic_transport/_transport.py", line 375, in perform_request
    resp = node.perform_request(
        method,
    ...<3 lines>...
        request_timeout=request_timeout,
    )
  File "/Library/Frameworks/Python.framework/Versions/3.14/lib/python3.14/site-packages/elastic_transport/_node/_http_urllib3.py", line 202, in perform_request
    raise err from e
elastic_transport.ConnectionError: Connection error caused by: NewConnectionError(HTTPConnection(host='localhost', port=9200): Failed to establish a new connection: [Errno 61] Connection refused)
2026-07-19 13:34:21,252 | INFO     | HEAD http://localhost:9200/ [status:N/A duration:0.001s]
2026-07-19 13:34:21,252 | WARNING  | Node <Urllib3HttpNode(http://localhost:9200)> has failed for 3 times in a row, putting on 4 second timeout
2026-07-19 13:34:21,252 | WARNING  | Retrying request after failure (attempt 2 of 3)
Traceback (most recent call last):
  File "/Library/Frameworks/Python.framework/Versions/3.14/lib/python3.14/site-packages/urllib3/connection.py", line 204, in _new_conn
    sock = connection.create_connection(
        (self._dns_host, self.port),
    ...<2 lines>...
        socket_options=self.socket_options,
    )
  File "/Library/Frameworks/Python.framework/Versions/3.14/lib/python3.14/site-packages/urllib3/util/connection.py", line 85, in create_connection
    raise err
  File "/Library/Frameworks/Python.framework/Versions/3.14/lib/python3.14/site-packages/urllib3/util/connection.py", line 73, in create_connection
    sock.connect(sa)
    ~~~~~~~~~~~~^^^^
ConnectionRefusedError: [Errno 61] Connection refused

The above exception was the direct cause of the following exception:

Traceback (most recent call last):
  File "/Library/Frameworks/Python.framework/Versions/3.14/lib/python3.14/site-packages/elastic_transport/_node/_http_urllib3.py", line 167, in perform_request
    response = self.pool.urlopen(
        method,
    ...<4 lines>...
        **kw,  # type: ignore[arg-type]
    )
  File "/Library/Frameworks/Python.framework/Versions/3.14/lib/python3.14/site-packages/urllib3/connectionpool.py", line 841, in urlopen
    retries = retries.increment(
        method, url, error=new_e, _pool=self, _stacktrace=sys.exc_info()[2]
    )
  File "/Library/Frameworks/Python.framework/Versions/3.14/lib/python3.14/site-packages/urllib3/util/retry.py", line 465, in increment
    raise reraise(type(error), error, _stacktrace)
          ~~~~~~~^^^^^^^^^^^^^^^^^^^^^^^^^^^^^^^^^
  File "/Library/Frameworks/Python.framework/Versions/3.14/lib/python3.14/site-packages/urllib3/util/util.py", line 39, in reraise
    raise value
  File "/Library/Frameworks/Python.framework/Versions/3.14/lib/python3.14/site-packages/urllib3/connectionpool.py", line 787, in urlopen
    response = self._make_request(
        conn,
    ...<10 lines>...
        **response_kw,
    )
  File "/Library/Frameworks/Python.framework/Versions/3.14/lib/python3.14/site-packages/urllib3/connectionpool.py", line 493, in _make_request
    conn.request(
    ~~~~~~~~~~~~^
        method,
        ^^^^^^^
    ...<6 lines>...
        enforce_content_length=enforce_content_length,
        ^^^^^^^^^^^^^^^^^^^^^^^^^^^^^^^^^^^^^^^^^^^^^^
    )
    ^
  File "/Library/Frameworks/Python.framework/Versions/3.14/lib/python3.14/site-packages/urllib3/connection.py", line 500, in request
    self.endheaders()
    ~~~~~~~~~~~~~~~^^
  File "/Library/Frameworks/Python.framework/Versions/3.14/lib/python3.14/http/client.py", line 1333, in endheaders
    self._send_output(message_body, encode_chunked=encode_chunked)
    ~~~~~~~~~~~~~~~~~^^^^^^^^^^^^^^^^^^^^^^^^^^^^^^^^^^^^^^^^^^^^^
  File "/Library/Frameworks/Python.framework/Versions/3.14/lib/python3.14/http/client.py", line 1093, in _send_output
    self.send(msg)
    ~~~~~~~~~^^^^^
  File "/Library/Frameworks/Python.framework/Versions/3.14/lib/python3.14/http/client.py", line 1037, in send
    self.connect()
    ~~~~~~~~~~~~^^
  File "/Library/Frameworks/Python.framework/Versions/3.14/lib/python3.14/site-packages/urllib3/connection.py", line 331, in connect
    self.sock = self._new_conn()
                ~~~~~~~~~~~~~~^^
  File "/Library/Frameworks/Python.framework/Versions/3.14/lib/python3.14/site-packages/urllib3/connection.py", line 219, in _new_conn
    raise NewConnectionError(
        self, f"Failed to establish a new connection: {e}"
    ) from e
urllib3.exceptions.NewConnectionError: HTTPConnection(host='localhost', port=9200): Failed to establish a new connection: [Errno 61] Connection refused

The above exception was the direct cause of the following exception:

Traceback (most recent call last):
  File "/Library/Frameworks/Python.framework/Versions/3.14/lib/python3.14/site-packages/elastic_transport/_transport.py", line 375, in perform_request
    resp = node.perform_request(
        method,
    ...<3 lines>...
        request_timeout=request_timeout,
    )
  File "/Library/Frameworks/Python.framework/Versions/3.14/lib/python3.14/site-packages/elastic_transport/_node/_http_urllib3.py", line 202, in perform_request
    raise err from e
elastic_transport.ConnectionError: Connection error caused by: NewConnectionError(HTTPConnection(host='localhost', port=9200): Failed to establish a new connection: [Errno 61] Connection refused)
2026-07-19 13:34:21,254 | INFO     | HEAD http://localhost:9200/ [status:N/A duration:0.001s]
2026-07-19 13:34:21,254 | WARNING  | Node <Urllib3HttpNode(http://localhost:9200)> has failed for 4 times in a row, putting on 8 second timeout
2026-07-19 13:34:21,254 | ERROR    | Elasticsearch inaccessible sur localhost:9200
2026-07-19 13:34:21,254 | ERROR    | Lance : docker-compose up -d
2026-07-19 13:56:09,801 | INFO     | HEAD http://localhost:9200/ [status:400 duration:0.019s]
2026-07-19 13:56:09,802 | ERROR    | Elasticsearch inaccessible sur localhost:9200
2026-07-19 13:56:09,802 | ERROR    | Lance : docker-compose up -d
2026-07-19 13:57:37,443 | INFO     | HEAD http://localhost:9200/ [status:200 duration:0.006s]
2026-07-19 13:57:37,444 | INFO     | GET http://localhost:9200/ [status:200 duration:0.001s]
2026-07-19 13:57:37,445 | INFO     | ✓ Elasticsearch v8.11.0
2026-07-19 13:57:37,446 | INFO     | HEAD http://localhost:9200/tass_ner_v2 [status:404 duration:0.002s]
2026-07-19 13:57:37,447 | INFO     | HEAD http://localhost:9200/tass_ner_v2 [status:404 duration:0.001s]
2026-07-19 13:57:37,539 | INFO     | PUT http://localhost:9200/tass_ner_v2 [status:200 duration:0.092s]
2026-07-19 13:57:37,539 | INFO     | ✓ Index 'tass_ner_v2' créé
2026-07-19 13:57:37,802 | INFO     | Indexation de 21,742 articles...
2026-07-19 13:57:37,991 | INFO     | PUT http://localhost:9200/_bulk [status:200 duration:0.182s]
2026-07-19 13:57:38,085 | INFO     | PUT http://localhost:9200/_bulk [status:200 duration:0.084s]
2026-07-19 13:57:38,176 | INFO     | PUT http://localhost:9200/_bulk [status:200 duration:0.071s]
2026-07-19 13:57:38,268 | INFO     | PUT http://localhost:9200/_bulk [status:200 duration:0.083s]
2026-07-19 13:57:38,347 | INFO     | PUT http://localhost:9200/_bulk [status:200 duration:0.069s]
2026-07-19 13:57:38,451 | INFO     | PUT http://localhost:9200/_bulk [status:200 duration:0.095s]
2026-07-19 13:57:38,607 | INFO     | PUT http://localhost:9200/_bulk [status:200 duration:0.143s]
2026-07-19 13:57:38,790 | INFO     | PUT http://localhost:9200/_bulk [status:200 duration:0.167s]
2026-07-19 13:57:38,884 | INFO     | PUT http://localhost:9200/_bulk [status:200 duration:0.081s]
2026-07-19 13:57:38,996 | INFO     | PUT http://localhost:9200/_bulk [status:200 duration:0.094s]
2026-07-19 13:57:39,077 | INFO     | PUT http://localhost:9200/_bulk [status:200 duration:0.072s]
2026-07-19 13:57:39,175 | INFO     | PUT http://localhost:9200/_bulk [status:200 duration:0.088s]
2026-07-19 13:57:39,262 | INFO     | PUT http://localhost:9200/_bulk [status:200 duration:0.074s]
2026-07-19 13:57:39,357 | INFO     | PUT http://localhost:9200/_bulk [status:200 duration:0.085s]
2026-07-19 13:57:39,433 | INFO     | PUT http://localhost:9200/_bulk [status:200 duration:0.067s]
2026-07-19 13:57:39,498 | INFO     | PUT http://localhost:9200/_bulk [status:200 duration:0.054s]
2026-07-19 13:57:39,578 | INFO     | PUT http://localhost:9200/_bulk [status:200 duration:0.067s]
2026-07-19 13:57:39,634 | INFO     | PUT http://localhost:9200/_bulk [status:200 duration:0.047s]
2026-07-19 13:57:39,690 | INFO     | PUT http://localhost:9200/_bulk [status:200 duration:0.047s]
2026-07-19 13:57:39,748 | INFO     | PUT http://localhost:9200/_bulk [status:200 duration:0.049s]
2026-07-19 13:57:39,812 | INFO     | PUT http://localhost:9200/_bulk [status:200 duration:0.054s]
2026-07-19 13:57:39,872 | INFO     | PUT http://localhost:9200/_bulk [status:200 duration:0.050s]
2026-07-19 13:57:39,937 | INFO     | PUT http://localhost:9200/_bulk [status:200 duration:0.053s]
2026-07-19 13:57:40,000 | INFO     | PUT http://localhost:9200/_bulk [status:200 duration:0.051s]
2026-07-19 13:57:40,076 | INFO     | PUT http://localhost:9200/_bulk [status:200 duration:0.058s]
2026-07-19 13:57:40,140 | INFO     | PUT http://localhost:9200/_bulk [status:200 duration:0.053s]
2026-07-19 13:57:40,225 | INFO     | PUT http://localhost:9200/_bulk [status:200 duration:0.075s]
2026-07-19 13:57:40,310 | INFO     | PUT http://localhost:9200/_bulk [status:200 duration:0.066s]
2026-07-19 13:57:40,397 | INFO     | PUT http://localhost:9200/_bulk [status:200 duration:0.067s]
2026-07-19 13:57:40,466 | INFO     | PUT http://localhost:9200/_bulk [status:200 duration:0.048s]
2026-07-19 13:57:40,538 | INFO     | PUT http://localhost:9200/_bulk [status:200 duration:0.054s]
2026-07-19 13:57:40,614 | INFO     | PUT http://localhost:9200/_bulk [status:200 duration:0.058s]
2026-07-19 13:57:40,692 | INFO     | PUT http://localhost:9200/_bulk [status:200 duration:0.057s]
2026-07-19 13:57:40,758 | INFO     | PUT http://localhost:9200/_bulk [status:200 duration:0.049s]
2026-07-19 13:57:40,824 | INFO     | PUT http://localhost:9200/_bulk [status:200 duration:0.049s]
2026-07-19 13:57:40,892 | INFO     | PUT http://localhost:9200/_bulk [status:200 duration:0.050s]
2026-07-19 13:57:40,972 | INFO     | PUT http://localhost:9200/_bulk [status:200 duration:0.062s]
2026-07-19 13:57:41,052 | INFO     | PUT http://localhost:9200/_bulk [status:200 duration:0.065s]
2026-07-19 13:57:41,122 | INFO     | PUT http://localhost:9200/_bulk [status:200 duration:0.048s]
2026-07-19 13:57:41,196 | INFO     | PUT http://localhost:9200/_bulk [status:200 duration:0.055s]
2026-07-19 13:57:41,260 | INFO     | PUT http://localhost:9200/_bulk [status:200 duration:0.055s]
2026-07-19 13:57:41,325 | INFO     | PUT http://localhost:9200/_bulk [status:200 duration:0.052s]
2026-07-19 13:57:41,398 | INFO     | PUT http://localhost:9200/_bulk [status:200 duration:0.059s]
2026-07-19 13:57:41,435 | INFO     | PUT http://localhost:9200/_bulk [status:200 duration:0.032s]
2026-07-19 13:57:41,436 | INFO     | ✅ 21,742 indexés en 3.6s | 0 erreurs
2026-07-19 13:57:41,436 | INFO     | 
🔍 Requêtes de validation :
2026-07-19 13:57:41,443 | INFO     | POST http://localhost:9200/tass_ner_v2/_count [status:200 duration:0.007s]
2026-07-19 13:57:41,443 | INFO     |   Total articles indexés : 12,058
2026-07-19 13:57:41,459 | INFO     | POST http://localhost:9200/tass_ner_v2/_search [status:200 duration:0.016s]
2026-07-19 13:57:41,459 | INFO     |   Top 5 WEAPON : [('HIMARS', 375), ('cruise missiles', 301), ('multiple rocket launchers', 252), ('anti-aircraft missile', 249), ('ballistic missile', 228)]
2026-07-19 13:57:41,477 | INFO     | POST http://localhost:9200/tass_ner_v2/_search [status:200 duration:0.017s]
2026-07-19 13:57:41,477 | INFO     |   Top 5 MIL_ORG : [('the Russian Defense Ministry', 1686), ('Russian forces', 1102), ('Defense', 978), ('NATO', 951), ('Ukrainian troops', 900)]
2026-07-19 13:57:41,477 | INFO     | 
🌐 Kibana → http://localhost:5601
2026-07-19 13:57:41,477 | INFO     |    Index à créer dans Kibana : 'tass_ner_v2'
2026-07-19 14:02:30,091 | INFO     | HEAD http://localhost:9200/ [status:200 duration:0.009s]
2026-07-19 14:02:30,093 | INFO     | GET http://localhost:9200/ [status:200 duration:0.002s]
2026-07-19 14:02:30,093 | INFO     | ✓ Elasticsearch v8.11.0
2026-07-19 14:02:30,096 | INFO     | HEAD http://localhost:9200/tass_ner_v2 [status:200 duration:0.003s]
2026-07-19 14:02:30,096 | INFO     | Index 'tass_ner_v2' existant (--force pour recréer)
2026-07-19 14:02:30,097 | INFO     | HEAD http://localhost:9200/tass_ner_v2 [status:200 duration:0.001s]
2026-07-19 14:02:30,364 | INFO     | Indexation de 21,742 articles...
2026-07-19 14:02:30,487 | INFO     | PUT http://localhost:9200/_bulk [status:200 duration:0.113s]
2026-07-19 14:02:30,588 | INFO     | PUT http://localhost:9200/_bulk [status:200 duration:0.090s]
2026-07-19 14:02:30,676 | INFO     | PUT http://localhost:9200/_bulk [status:200 duration:0.073s]
2026-07-19 14:02:30,771 | INFO     | PUT http://localhost:9200/_bulk [status:200 duration:0.080s]
2026-07-19 14:02:30,845 | INFO     | PUT http://localhost:9200/_bulk [status:200 duration:0.062s]
2026-07-19 14:02:30,924 | INFO     | PUT http://localhost:9200/_bulk [status:200 duration:0.069s]
2026-07-19 14:02:30,989 | INFO     | PUT http://localhost:9200/_bulk [status:200 duration:0.055s]
2026-07-19 14:02:31,076 | INFO     | PUT http://localhost:9200/_bulk [status:200 duration:0.075s]
2026-07-19 14:02:31,139 | INFO     | PUT http://localhost:9200/_bulk [status:200 duration:0.051s]
2026-07-19 14:02:31,202 | INFO     | PUT http://localhost:9200/_bulk [status:200 duration:0.054s]
2026-07-19 14:02:31,282 | INFO     | PUT http://localhost:9200/_bulk [status:200 duration:0.068s]
2026-07-19 14:02:31,363 | INFO     | PUT http://localhost:9200/_bulk [status:200 duration:0.062s]
2026-07-19 14:02:31,435 | INFO     | PUT http://localhost:9200/_bulk [status:200 duration:0.059s]
2026-07-19 14:02:31,494 | INFO     | PUT http://localhost:9200/_bulk [status:200 duration:0.048s]
2026-07-19 14:02:31,554 | INFO     | PUT http://localhost:9200/_bulk [status:200 duration:0.050s]
2026-07-19 14:02:31,609 | INFO     | PUT http://localhost:9200/_bulk [status:200 duration:0.044s]
2026-07-19 14:02:31,694 | INFO     | PUT http://localhost:9200/_bulk [status:200 duration:0.072s]
2026-07-19 14:02:31,761 | INFO     | PUT http://localhost:9200/_bulk [status:200 duration:0.056s]
2026-07-19 14:02:31,837 | INFO     | PUT http://localhost:9200/_bulk [status:200 duration:0.067s]
2026-07-19 14:02:31,906 | INFO     | PUT http://localhost:9200/_bulk [status:200 duration:0.057s]
2026-07-19 14:02:31,971 | INFO     | PUT http://localhost:9200/_bulk [status:200 duration:0.054s]
2026-07-19 14:02:32,037 | INFO     | PUT http://localhost:9200/_bulk [status:200 duration:0.055s]
2026-07-19 14:02:32,101 | INFO     | PUT http://localhost:9200/_bulk [status:200 duration:0.054s]
2026-07-19 14:02:32,291 | INFO     | PUT http://localhost:9200/_bulk [status:200 duration:0.175s]
2026-07-19 14:02:32,353 | INFO     | PUT http://localhost:9200/_bulk [status:200 duration:0.048s]
2026-07-19 14:02:32,421 | INFO     | PUT http://localhost:9200/_bulk [status:200 duration:0.048s]
2026-07-19 14:02:32,489 | INFO     | PUT http://localhost:9200/_bulk [status:200 duration:0.050s]
2026-07-19 14:02:32,558 | INFO     | PUT http://localhost:9200/_bulk [status:200 duration:0.051s]
2026-07-19 14:02:32,626 | INFO     | PUT http://localhost:9200/_bulk [status:200 duration:0.054s]
2026-07-19 14:02:32,689 | INFO     | PUT http://localhost:9200/_bulk [status:200 duration:0.050s]
2026-07-19 14:02:32,758 | INFO     | PUT http://localhost:9200/_bulk [status:200 duration:0.055s]
2026-07-19 14:02:32,824 | INFO     | PUT http://localhost:9200/_bulk [status:200 duration:0.051s]
2026-07-19 14:02:32,884 | INFO     | PUT http://localhost:9200/_bulk [status:200 duration:0.049s]
2026-07-19 14:02:32,955 | INFO     | PUT http://localhost:9200/_bulk [status:200 duration:0.054s]
2026-07-19 14:02:33,029 | INFO     | PUT http://localhost:9200/_bulk [status:200 duration:0.056s]
2026-07-19 14:02:33,099 | INFO     | PUT http://localhost:9200/_bulk [status:200 duration:0.052s]
2026-07-19 14:02:33,178 | INFO     | PUT http://localhost:9200/_bulk [status:200 duration:0.064s]
2026-07-19 14:02:33,255 | INFO     | PUT http://localhost:9200/_bulk [status:200 duration:0.058s]
2026-07-19 14:02:33,324 | INFO     | PUT http://localhost:9200/_bulk [status:200 duration:0.053s]
2026-07-19 14:02:33,388 | INFO     | PUT http://localhost:9200/_bulk [status:200 duration:0.053s]
2026-07-19 14:02:33,454 | INFO     | PUT http://localhost:9200/_bulk [status:200 duration:0.053s]
2026-07-19 14:02:33,524 | INFO     | PUT http://localhost:9200/_bulk [status:200 duration:0.059s]
2026-07-19 14:02:33,602 | INFO     | PUT http://localhost:9200/_bulk [status:200 duration:0.059s]
2026-07-19 14:02:33,644 | INFO     | PUT http://localhost:9200/_bulk [status:200 duration:0.030s]
2026-07-19 14:02:33,645 | INFO     | ✅ 21,742 indexés en 3.3s | 0 erreurs
2026-07-19 14:02:33,645 | INFO     | 
🔍 Requêtes de validation :
2026-07-19 14:02:34,259 | INFO     | POST http://localhost:9200/tass_ner_v2/_count [status:200 duration:0.613s]
2026-07-19 14:02:34,259 | INFO     |   Total articles indexés : 21,742
2026-07-19 14:02:34,265 | INFO     | POST http://localhost:9200/tass_ner_v2/_search [status:200 duration:0.006s]
2026-07-19 14:02:34,265 | INFO     |   Top 5 WEAPON : [('cruise missiles', 1034), ('Kalibr', 735), ('S-400', 680), ('ballistic missiles', 679), ('ballistic missile', 568)]
2026-07-19 14:02:34,274 | INFO     | POST http://localhost:9200/tass_ner_v2/_search [status:200 duration:0.008s]
2026-07-19 14:02:34,275 | INFO     |   Top 5 MIL_ORG : [('the Russian Defense Ministry', 2604), ('Defense', 2278), ('NATO', 1880), ('Defense Ministry', 1680), ('the Defense Ministry', 1410)]
2026-07-19 14:02:34,275 | INFO     | 
🌐 Kibana → http://localhost:5601
2026-07-19 14:02:34,275 | INFO     |    Index à créer dans Kibana : 'tass_ner_v2'
