2026-07-19 13:17:56,889 | INFO     | Chargement du modèle : output/model-best
2026-07-19 13:17:57,199 | INFO     | ✓ 21465 articles à traiter (200 exclus)
2026-07-19 13:18:38,978 | INFO     |   2,000/21,465 traités | 5,358 entités
2026-07-19 13:19:17,439 | INFO     |   4,000/21,465 traités | 10,674 entités
2026-07-19 13:19:52,380 | INFO     |   6,000/21,465 traités | 16,099 entités
2026-07-19 13:20:31,379 | INFO     |   8,000/21,465 traités | 21,277 entités
2026-07-19 13:21:10,286 | INFO     |   10,000/21,465 traités | 26,996 entités
2026-07-19 13:21:51,421 | INFO     |   12,000/21,465 traités | 32,607 entités
2026-07-19 13:22:34,923 | INFO     |   14,000/21,465 traités | 38,665 entités
2026-07-19 13:23:20,709 | INFO     |   16,000/21,465 traités | 44,737 entités
2026-07-19 13:24:07,890 | INFO     |   18,000/21,465 traités | 50,598 entités
2026-07-19 13:24:55,474 | INFO     |   20,000/21,465 traités | 56,842 entités
2026-07-19 13:25:31,696 | INFO     | 
[Étape 5] ✅ Inférence terminée
2026-07-19 13:25:31,696 | INFO     |   Articles   : 21,465
2026-07-19 13:25:31,696 | INFO     |   Entités    : 62,450
2026-07-19 13:25:31,696 | INFO     |   WEAPON     : 17,205
2026-07-19 13:25:31,696 | INFO     |   MIL_UNIT   : 8
2026-07-19 13:25:31,696 | INFO     |   MIL_ORG    : 45,236
2026-07-19 13:25:31,696 | INFO     | 
  Top WEAPON   : {'cruise missiles': 1016, 'Kalibr': 725, 'S-400': 667, 'ballistic missiles': 664, 'ballistic missile': 555}
2026-07-19 13:25:31,697 | INFO     |   Top MIL_ORG  : {'the Russian Defense Ministry': 2587, 'Defense': 2247, 'NATO': 1854, 'Defense Ministry': 1661, 'the Defense Ministry': 1395}
